cargo :    Compiling 
web-sys v0.3.82
At line:1 char:1
+ cargo build 
--manifest-path "Day_
Dream\backend\Cargo.t
oml" 2>&1 | Out ...
+ ~~~~~~~~~~~~~~~~~~~
~~~~~~~~~~~~~~~~~~~~~
~~~~~~~~~~~~~~~~~~~~~
~~
    + CategoryInfo   
           : NotSpe  
  cified: (   Comp   
 iling web-sys v0    
.3.82:String) []    
, RemoteExceptio    n
    + FullyQualified 
   ErrorId : Native  
  CommandError
 
   Compiling 
pgvector v0.4.1
   Compiling 
gloo-utils v0.2.0
   Compiling tachys 
v0.2.11
   Compiling 
console_log v1.0.0
   Compiling 
gloo-net v0.6.0
   Compiling 
gloo-net v0.5.0
   Compiling 
wasm-streams v0.4.2
   Compiling 
server_fn v0.8.8
   Compiling 
leptos_dom v0.8.7
   Compiling 
leptos_server v0.8.6
   Compiling leptos 
v0.8.2
   Compiling 
leptos_router v0.8.2
   Compiling 
leptos_meta v0.8.2
   Compiling common 
v0.1.0 (C:\Users\Trin
ity\Documents\daydrea
m\Day_Dream\common)
   Compiling leptos_i
ntegration_utils 
v0.8.2
   Compiling 
leptos_axum v0.8.2
   Compiling 
ask_pete_frontend 
v0.1.0 (C:\Users\Trin
ity\Documents\daydrea
m\Day_Dream\frontend)
   Compiling 
ask_pete_backend 
v0.1.0 (C:\Users\Trin
ity\Documents\daydrea
m\Day_Dream\backend)
error[E0308]: 
mismatched types
   --> backend\src\ma
in.rs:339:13
    |
337 |         .nest(
    |          ---- 
arguments to this 
method are incorrect
338 |             
"/api/knowledge",
339 |             cra
te::routes::knowledge
::knowledge_routes(),
    |             ^^^
^^^^^^^^^^^^^^^^^^^^^
^^^^^^^^^^^^^^^^^^^^ 
expected 
`Router<AppState>`, 
found `Router`
    |
    = note: expected 
struct `axum::Router<
AppState>`
               found 
struct 
`axum::Router<()>`
note: method defined 
here
   --> C:\Users\Trini
ty\.cargo\registry\sr
c\index.crates.io-194
9cf8c6b5b557f\axum-0.
7.9\src\routing\mod.r
s:195:12
    |
195 |     pub fn 
nest(self, path: 
&str, router: 
Router<S>) -> Self {
    |            ^^^^

error[E0596]: cannot 
borrow data in a `&` 
reference as mutable
  --> backend\src\ai\
embedding.rs:34:26
   |
34 |         let 
embeddings = self.mod
el.as_ref().embed(tex
ts, None)?;
   |                 
         
^^^^^^^^^^^^^^^^^^^ 
cannot borrow as 
mutable

Some errors have 
detailed 
explanations: E0308, 
E0596.
For more information 
about an error, try 
`rustc --explain 
E0308`.
error: could not 
compile 
`ask_pete_backend` 
(bin 
"ask_pete_backend") 
due to 2 previous 
errors
